// Jest Snapshot v1, https://goo.gl/fbAQLP

exports[`GIVEN ViewImageModal component it matches the snapshot 1`] = `
Object {
  "asFragment": [Function],
  "baseElement": <body>
    <div>
      <div
        class="sc-bdvvtL sc-dkPtRN iYkkBi kZZWkh"
        data-testid="imageModal__overlay"
      >
        <div
          class="sc-gsDKAQ sc-hKwDye hkdxMk kELOfl"
        >
          <div
            class="sc-eCImPb eJJzMm"
          >
            <div
              class="sc-jRQBWg gGMIlY"
              data-testid="imageModal__button--close"
              role="button"
            />
          </div>
          <div
            class="sc-gKclnd llaENl"
          >
            <img
              class="sc-iCfMLu dhbpeV"
              data-testid="imageModal__image"
              src="/test_url.jpg"
            />
          </div>
        </div>
      </div>
    </div>
  </body>,
  "container": <div>
    <div
      class="sc-bdvvtL sc-dkPtRN iYkkBi kZZWkh"
      data-testid="imageModal__overlay"
    >
      <div
        class="sc-gsDKAQ sc-hKwDye hkdxMk kELOfl"
      >
        <div
          class="sc-eCImPb eJJzMm"
        >
          <div
            class="sc-jRQBWg gGMIlY"
            data-testid="imageModal__button--close"
            role="button"
          />
        </div>
        <div
          class="sc-gKclnd llaENl"
        >
          <img
            class="sc-iCfMLu dhbpeV"
            data-testid="imageModal__image"
            src="/test_url.jpg"
          />
        </div>
      </div>
    </div>
  </div>,
  "debug": [Function],
  "findAllByAltText": [Function],
  "findAllByDisplayValue": [Function],
  "findAllByLabelText": [Function],
  "findAllByPlaceholderText": [Function],
  "findAllByRole": [Function],
  "findAllByTestId": [Function],
  "findAllByText": [Function],
  "findAllByTitle": [Function],
  "findByAltText": [Function],
  "findByDisplayValue": [Function],
  "findByLabelText": [Function],
  "findByPlaceholderText": [Function],
  "findByRole": [Function],
  "findByTestId": [Function],
  "findByText": [Function],
  "findByTitle": [Function],
  "getAllByAltText": [Function],
  "getAllByDisplayValue": [Function],
  "getAllByLabelText": [Function],
  "getAllByPlaceholderText": [Function],
  "getAllByRole": [Function],
  "getAllByTestId": [Function],
  "getAllByText": [Function],
  "getAllByTitle": [Function],
  "getByAltText": [Function],
  "getByDisplayValue": [Function],
  "getByLabelText": [Function],
  "getByPlaceholderText": [Function],
  "getByRole": [Function],
  "getByTestId": [Function],
  "getByText": [Function],
  "getByTitle": [Function],
  "queryAllByAltText": [Function],
  "queryAllByDisplayValue": [Function],
  "queryAllByLabelText": [Function],
  "queryAllByPlaceholderText": [Function],
  "queryAllByRole": [Function],
  "queryAllByTestId": [Function],
  "queryAllByText": [Function],
  "queryAllByTitle": [Function],
  "queryByAltText": [Function],
  "queryByDisplayValue": [Function],
  "queryByLabelText": [Function],
  "queryByPlaceholderText": [Function],
  "queryByRole": [Function],
  "queryByTestId": [Function],
  "queryByText": [Function],
  "queryByTitle": [Function],
  "rerender": [Function],
  "unmount": [Function],
}
`;
